[2025-11-18_14:27:11.616] [info] [MOBILE] try connect, ip:192.168.2.100, port:1977
[2025-11-18_14:27:11.616] [info] [LIVOX] open
[2025-11-18_14:27:11.616] [info] [MOBILE] send loop start
[2025-11-18_14:27:11.616] [info] [LIVOX] init
[2025-11-18_14:27:11.616] [info] [LIDAR_3D] init
[2025-11-18_14:27:11.616] [info] [LIDAR_3D] open
[2025-11-18_14:27:11.666] [info] [LIDAR_3D] dsk_loop[0] start
[2025-11-18_14:27:11.666] [info] [LIDAR_3D] dsk_loop[1] start
[2025-11-18_14:27:11.666] [info] [LIDAR_3D] a_loop start
[2025-11-18_14:27:11.666] [info] [AUTO] /home/rainbow/slamnav2/config/MECANUM-VALEO/preset_0.json load
[2025-11-18_14:27:11.666] [info] [AUTO] LIMIT_V :1
[2025-11-18_14:27:11.666] [info] [AUTO] LIMIT_W :40
[2025-11-18_14:27:11.666] [info] [AUTO] LIMIT_V_ACC :0.3
[2025-11-18_14:27:11.666] [info] [AUTO] LIMIT_V_DCC :0.1
[2025-11-18_14:27:11.666] [info] [AUTO] LIMIT_W_ACC :180
[2025-11-18_14:27:11.666] [info] [AUTO] LIMIT_PIVOT_W :40
[2025-11-18_14:27:11.666] [info] [AUTO] ST_V :0.05
[2025-11-18_14:27:11.666] [info] [AUTO] ED_V :0.05
[2025-11-18_14:27:11.666] [info] [AUTO] DRIVE_T :0.05
[2025-11-18_14:27:11.666] [info] [AUTO] DRIVE_H :3
[2025-11-18_14:27:11.666] [info] [AUTO] DRIVE_A :1
[2025-11-18_14:27:11.666] [info] [AUTO] DRIVE_B :0.05
[2025-11-18_14:27:11.666] [info] [AUTO] DRIVE_L :0.5
[2025-11-18_14:27:11.666] [info] [AUTO] DRIVE_K :1
[2025-11-18_14:27:11.666] [info] [AUTO] DRIVE_EPS :0.3
[2025-11-18_14:27:11.667] [info] [AUTO] start node loop
[2025-11-18_14:27:11.667] [info] [RRS] use_rrs = false, skip connect
[2025-11-18_14:27:11.667] [info] [AUTO] a loop start
[2025-11-18_14:27:11.667] [info] [MSA] start reconnect timer
[2025-11-18_14:27:11.667] [info] [TASK] task init
[2025-11-18_14:27:11.667] [info] [TASK] Initialized with required modules.
[2025-11-18_14:27:11.667] [info] [TASK] Pause command received. but not yet
[2025-11-18_14:27:11.667] [info] [TASK] Cancel command received.
[2025-11-18_14:27:11.667] [error] [UNIMAP(2D)] load failed
[2025-11-18_14:27:11.667] [info] [MAIN] [WATCHDOG] loop start
[2025-11-18_14:27:11.667] [info] [MAIN] [JOG] loop start
[2025-11-18_14:27:11.668] [info] [MAIN] bt_Request
[2025-11-18_14:27:12.070] [info] [LIDAR_3D] set livox->is_sync[0] = true
[2025-11-18_14:27:12.070] [info] [LIDAR_3D] set livox->is_sync[1] = true
[2025-11-18_14:27:12.070] [info] [MAIN] [WATCH] try time sync, pc and lidar, type: LIVOX
