[2025-12-10_09:23:54.697] [info] [MOBILE] try connect, ip:192.168.2.100, port:1977
[2025-12-10_09:23:54.697] [info] [ORBBEC] init
[2025-12-10_09:23:54.697] [info] [MOBILE] send loop start
[2025-12-10_09:23:54.697] [info] [CAM] CAM enabled: USE_CAM=true, USE_CAM_DEPTH=true, USE_CAM_RGB=true
[2025-12-10_09:23:54.697] [info] [LIDAR_2D]config->get_lidar_2d_type(): LAKI
[2025-12-10_09:23:54.697] [info] [LAKI] open
[2025-12-10_09:23:54.697] [info] [LAKI] close
[2025-12-10_09:23:54.697] [info] [LAKI] init
[2025-12-10_09:23:54.697] [info] [LIDAR_2D] try to open LAKI 2D lidar
[2025-12-10_09:23:54.697] [info] [LIDAR_2D] open
[2025-12-10_09:23:54.698] [error] [LAKI] failed to connect lidar 0
[2025-12-10_09:23:54.699] [error] [LAKI] failed to connect lidar 1
[2025-12-10_09:23:54.703] [error] [ORBBEC] no camera
[2025-12-10_09:23:54.748] [info] [LIDAR_2D] dsk_loop[%d] start
[2025-12-10_09:23:54.748] [info] [LIDAR_2D] dsk_loop[%d] start
[2025-12-10_09:23:54.748] [info] [LIDAR_2D] merge_loop start
[2025-12-10_09:23:54.749] [info] [AUTO] /home/rainbow/slamnav2/config/D400/preset_0.json load
[2025-12-10_09:23:54.749] [info] [AUTO] LIMIT_V :1
[2025-12-10_09:23:54.749] [info] [AUTO] LIMIT_W :40
[2025-12-10_09:23:54.749] [info] [AUTO] LIMIT_V_ACC :0.3
[2025-12-10_09:23:54.749] [info] [AUTO] LIMIT_V_DCC :0.1
[2025-12-10_09:23:54.749] [info] [AUTO] LIMIT_W_ACC :180
[2025-12-10_09:23:54.749] [info] [AUTO] LIMIT_PIVOT_W :30
[2025-12-10_09:23:54.749] [info] [AUTO] ST_V :0.05
[2025-12-10_09:23:54.749] [info] [AUTO] ED_V :0.05
[2025-12-10_09:23:54.749] [info] [AUTO] DRIVE_T :0.05
[2025-12-10_09:23:54.749] [info] [AUTO] DRIVE_H :3
[2025-12-10_09:23:54.749] [info] [AUTO] DRIVE_A :1
[2025-12-10_09:23:54.749] [info] [AUTO] DRIVE_B :0.05
[2025-12-10_09:23:54.749] [info] [AUTO] DRIVE_L :0.5
[2025-12-10_09:23:54.749] [info] [AUTO] DRIVE_K :1
[2025-12-10_09:23:54.749] [info] [AUTO] DRIVE_EPS :0.3
[2025-12-10_09:23:54.749] [info] [AUTO] start node loop
[2025-12-10_09:23:54.750] [info] [RRS] use_rrs = false, skip connect
[2025-12-10_09:23:54.750] [info] [AUTO] a loop start
[2025-12-10_09:23:54.750] [info] [MSA] start reconnect timer
[2025-12-10_09:23:54.750] [info] [TASK] task init
[2025-12-10_09:23:54.750] [info] [TASK] Initialized with required modules.
[2025-12-10_09:23:54.750] [info] [TASK] Pause command received. but not yet
[2025-12-10_09:23:54.750] [info] [TASK] Cancel command received.
[2025-12-10_09:23:54.750] [info] [MAIN] [JOG] loop start
[2025-12-10_09:23:54.750] [info] [MAIN] [WATCHDOG] loop start
[2025-12-10_09:23:54.750] [error] [UNIMAP(2D)] load failed
[2025-12-10_09:23:54.751] [info] [MAIN] bt_Request
[2025-12-10_09:23:55.152] [info] [LIDAR_2D] [LIDAR_2D] set laki->is_sync = true
[2025-12-10_09:23:55.152] [info] [LIDAR_2D] [LIDAR_2D] set laki->is_sync = true
[2025-12-10_09:23:55.152] [info] [MAIN] [WATCH] try time sync, pc and lidar, type: LAKI
[2025-12-10_09:23:57.974] [info] [MSA] connected to MSA server
[2025-12-10_09:24:04.707] [error] [MOBILE] connect timeout or error
[2025-12-10_09:24:07.707] [info] [MOBILE] try connect, ip:192.168.2.100, port:1977
